<?xml version="1.0"?>
<track>

  <info
    name="Test track (zero)"
    version="6"
    author="Marc Gueury"
    description="Test track for the editor"
  />

  <unit
  />

  <header
    width="80"
    finish="0.8"
  />

  <xwindow
    score_board_x="900"
    score_board_y="560"
    leader_board_x="250"
    leader_board_y="500"
    inst_panel_x="550"
    inst_panel_y="1040"
    message_x="401"
    message_y="640"
  />

  <pitstop
    side="-1"
    entry="2100"
    exit="1000"
    lane_start="3200"
    lane_end="100"
    lane_speed="60"
  />

  <segments>

    <default>
      <left border_size="10"/>
      <right border_size="10"/>
    </default>

    <section name="track">
      <segment length="1000" end_z="100" end_banking="0.2" profile_height="s">
        <left border_size="50" border_tree_height="0"/>
        <right border_tree_size="300"/>
      </segment>
      <segment radius="600" arc="3.14" end_banking="0.2">
        <right border_tree_size="400"/>
      </segment>
      <segment length="1000" end_z="100" profile_height="s">
        <left border_size="100"/>
        <right border_size="200"/>
      </segment>
      <segment radius="600.795835" arc="3.143185">
        <left border_size="40"/>
        <right border_size="40"/>
      </segment>
    </section>

  </segments>

  <objects>
  </objects>

</track>
